# Meteor packages used by this project, one per line.
# Check this file (and the other files in this directory) into your repository.
#
# 'meteor add' and 'meteor remove' will edit this file for you,
# but you can also edit it by hand.

meteor-base@1.0.4               # Packages every Meteor app needs to have

# Build system
ecmascript@0.6.3                # Enable ECMAScript2015+ syntax in app code
stylus@2.513.9
standard-minifier-css@1.3.3     # CSS minifier run for production mode
standard-minifier-js@1.2.2      # JS minifier run for production mode
mquandalle:jade
shell-server@0.2.2              # Server-side component of the `meteor shell` command
#mquandalle:stylus


# Polyfills
es5-shim@4.6.15                 # ECMAScript 5 compatibility for older browsers.


# Collections
aldeed:collection2
cfs:gridfs
cfs:standard-packages
cottz:publish-relations
dburles:collection-helpers
idmontie:migrations
matb33:collection-hooks
matteodem:easy-search
mongo@1.1.15                    # The database Meteor supports right now
mquandalle:collection-mutations


# Account system
accounts-password@1.3.4               # Fixed => Error: AccountsTemplates: You must add at least one account service!
useraccounts:core               # AccountsTemplate
useraccounts:flow-routing       # Fixed => triggersExit TypeError: trigger is not a function
useraccounts:unstyled           # Accounts Form


# Utilities
#check
jquery@1.11.10                  # Helpful client-side library
#random
#reactive-dict
tracker@1.1.2                   # Meteor's client-side reactive programming library
#underscore
3stack:presence
alethes:pages
arillo:flow-router-helpers      # Changing Routes
audit-argument-checks@1.0.7
kadira:blaze-layout
kadira:dochead
kadira:flow-router
meteorhacks:fast-render
meteorhacks:picker
meteorhacks:subs-manager
mquandalle:autofocus
mquandalle:moment
ongoworks:speakingurl
raix:handlebar-helpers
tap:i18n                        # i18n


# UI components
mobile-experience@1.0.4         # Packages for a great mobile UX
blaze-html-templates@1.0.4      # Compile .html files into Meteor Blaze views
reactive-var@1.0.11             # Reactive variable for tracker
fortawesome:fontawesome         # Icon
mousetrap:mousetrap
mquandalle:jquery-textcomplete
mquandalle:jquery-ui-drag-drop-sort
mquandalle:mousetrap-bindglobal
mquandalle:perfect-scrollbar
peerlibrary:blaze-components@=0.15.1
perak:markdown
seriousm:emoji-continued
templates:tabs
verron:autosize
simple:json-routes
rajit:bootstrap3-datepicker



